{
  "version": "1.4.0",
  "plugins_used": [
    {
      "name": "ArtifactoryDetector"
    },
    {
      "name": "AWSKeyDetector"
    },
    {
      "name": "AzureStorageKeyDetector"
    },
    {
      "name": "Base64HighEntropyString",
      "limit": 4.5
    },
    {
      "name": "BasicAuthDetector"
    },
    {
      "name": "CloudantDetector"
    },
    {
      "name": "DiscordBotTokenDetector"
    },
    {
      "name": "GitHubTokenDetector"
    },
    {
      "name": "HexHighEntropyString",
      "limit": 3.0
    },
    {
      "name": "IbmCloudIamDetector"
    },
    {
      "name": "IbmCosHmacDetector"
    },
    {
      "name": "JwtTokenDetector"
    },
    {
      "name": "KeywordDetector",
      "keyword_exclude": ""
    },
    {
      "name": "MailchimpDetector"
    },
    {
      "name": "NpmDetector"
    },
    {
      "name": "PrivateKeyDetector"
    },
    {
      "name": "SendGridDetector"
    },
    {
      "name": "SlackDetector"
    },
    {
      "name": "SoftlayerDetector"
    },
    {
      "name": "SquareOAuthDetector"
    },
    {
      "name": "StripeDetector"
    },
    {
      "name": "TwilioKeyDetector"
    }
  ],
  "filters_used": [
    {
      "path": "detect_secrets.filters.allowlist.is_line_allowlisted"
    },
    {
      "path": "detect_secrets.filters.common.is_baseline_file",
      "filename": ".secrets.baseline"
    },
    {
      "path": "detect_secrets.filters.common.is_ignored_due_to_verification_policies",
      "min_level": 2
    },
    {
      "path": "detect_secrets.filters.heuristic.is_indirect_reference"
    },
    {
      "path": "detect_secrets.filters.heuristic.is_likely_id_string"
    },
    {
      "path": "detect_secrets.filters.heuristic.is_lock_file"
    },
    {
      "path": "detect_secrets.filters.heuristic.is_not_alphanumeric_string"
    },
    {
      "path": "detect_secrets.filters.heuristic.is_potential_uuid"
    },
    {
      "path": "detect_secrets.filters.heuristic.is_prefixed_with_dollar_sign"
    },
    {
      "path": "detect_secrets.filters.heuristic.is_sequential_string"
    },
    {
      "path": "detect_secrets.filters.heuristic.is_swagger_file"
    },
    {
      "path": "detect_secrets.filters.heuristic.is_templated_secret"
    },
    {
      "path": "detect_secrets.filters.regex.should_exclude_file",
      "pattern": [
        "acceptance/features/*",
        "scripts/seeding/fixtures/*"
      ]
    }
  ],
  "results": {
    "docs/plans/tasks/WP-001/TASK-001.md": [
      {
        "type": "Basic Auth Credentials",
        "filename": "docs/plans/tasks/WP-001/TASK-001.md",
        "hashed_secret": "e6ec3de59f17e77b3dea4860e37d8b33c1a4fc3c",
        "is_verified": false,
        "line_number": 138,
        "is_secret": false
      }
    ],
    "docs/plans/tasks/WP-001/TASK-SEC-REMEDIATION.md": [
      {
        "type": "Secret Keyword",
        "filename": "docs/plans/tasks/WP-001/TASK-SEC-REMEDIATION.md",
        "hashed_secret": "ec01939c333a6f1a89a861d98d8d3e369ca2ffb9",
        "is_verified": false,
        "line_number": 66,
        "is_secret": false
      }
    ],
    "docs/specs/SPEC-001.md": [
      {
        "type": "Secret Keyword",
        "filename": "docs/specs/SPEC-001.md",
        "hashed_secret": "3df63b7acb0522da685dad5fe84b81fdd7b25264",
        "is_verified": false,
        "line_number": 343,
        "is_secret": false
      }
    ],
    "scripts/seeding/tests/test_fixtures.py": [
      {
        "type": "Hex High Entropy String",
        "filename": "scripts/seeding/tests/test_fixtures.py",
        "hashed_secret": "d93271b54ddc4029b73ffcab9eba0eef0b7acde2",
        "is_verified": false,
        "line_number": 655,
        "is_secret": false
      },
      {
        "type": "Hex High Entropy String",
        "filename": "scripts/seeding/tests/test_fixtures.py",
        "hashed_secret": "5fe4457939b771cbae7ff89fe71d0f2b7a6d198b",
        "is_verified": false,
        "line_number": 656,
        "is_secret": false
      },
      {
        "type": "Hex High Entropy String",
        "filename": "scripts/seeding/tests/test_fixtures.py",
        "hashed_secret": "ed059335a1864fb01039126e6bf153afd9dc60d1",
        "is_verified": false,
        "line_number": 657,
        "is_secret": false
      }
    ],
    "scripts/seeding/tests/test_models.py": [
      {
        "type": "Hex High Entropy String",
        "filename": "scripts/seeding/tests/test_models.py",
        "hashed_secret": "f6658d2343a6785f6d9f16ccfc2e4d552c1893db",
        "is_verified": false,
        "line_number": 429,
        "is_secret": false
      },
      {
        "type": "Hex High Entropy String",
        "filename": "scripts/seeding/tests/test_models.py",
        "hashed_secret": "cf7a26517df4fdd521cbfd8721052bf8eac43512",
        "is_verified": false,
        "line_number": 430,
        "is_secret": false
      },
      {
        "type": "Hex High Entropy String",
        "filename": "scripts/seeding/tests/test_models.py",
        "hashed_secret": "0515ff9fad4c577ee81efe12943937f28daf321b",
        "is_verified": false,
        "line_number": 432,
        "is_secret": false
      },
      {
        "type": "Hex High Entropy String",
        "filename": "scripts/seeding/tests/test_models.py",
        "hashed_secret": "05a587df47d21b0299083d8b03bbee6e6e80f81f",
        "is_verified": false,
        "line_number": 517,
        "is_secret": false
      },
      {
        "type": "Secret Keyword",
        "filename": "scripts/seeding/tests/test_models.py",
        "hashed_secret": "e31bb5cec6f6e19014f68059edf84f28f4f21f42",
        "is_verified": false,
        "line_number": 1322,
        "is_secret": false
      }
    ]
  },
  "generated_at": "2026-08-14T00:53:36Z"
}
