{
  "version": "1.4.0",
  "plugins_used": [
    {
      "name": "ArtifactoryDetector"
    },
    {
      "name": "AWSKeyDetector"
    },
    {
      "name": "AzureStorageKeyDetector"
    },
    {
      "name": "Base64HighEntropyString",
      "limit": 4.5
    },
    {
      "name": "BasicAuthDetector"
    },
    {
      "name": "CloudantDetector"
    },
    {
      "name": "DiscordBotTokenDetector"
    },
    {
      "name": "GitHubTokenDetector"
    },
    {
      "name": "HexHighEntropyString",
      "limit": 3.0
    },
    {
      "name": "IbmCloudIamDetector"
    },
    {
      "name": "IbmCosHmacDetector"
    },
    {
      "name": "JwtTokenDetector"
    },
    {
      "name": "KeywordDetector",
      "keyword_exclude": ""
    },
    {
      "name": "MailchimpDetector"
    },
    {
      "name": "NpmDetector"
    },
    {
      "name": "PrivateKeyDetector"
    },
    {
      "name": "SendGridDetector"
    },
    {
      "name": "SlackDetector"
    },
    {
      "name": "SoftlayerDetector"
    },
    {
      "name": "SquareOAuthDetector"
    },
    {
      "name": "StripeDetector"
    },
    {
      "name": "TwilioKeyDetector"
    }
  ],
  "filters_used": [
    {
      "path": "detect_secrets.filters.allowlist.is_line_allowlisted"
    },
    {
      "path": "detect_secrets.filters.common.is_baseline_file",
      "filename": ".secrets.baseline"
    },
    {
      "path": "detect_secrets.filters.common.is_ignored_due_to_verification_policies",
      "min_level": 2
    },
    {
      "path": "detect_secrets.filters.heuristic.is_indirect_reference"
    },
    {
      "path": "detect_secrets.filters.heuristic.is_likely_id_string"
    },
    {
      "path": "detect_secrets.filters.heuristic.is_lock_file"
    },
    {
      "path": "detect_secrets.filters.heuristic.is_not_alphanumeric_string"
    },
    {
      "path": "detect_secrets.filters.heuristic.is_potential_uuid"
    },
    {
      "path": "detect_secrets.filters.heuristic.is_prefixed_with_dollar_sign"
    },
    {
      "path": "detect_secrets.filters.heuristic.is_sequential_string"
    },
    {
      "path": "detect_secrets.filters.heuristic.is_swagger_file"
    },
    {
      "path": "detect_secrets.filters.heuristic.is_templated_secret"
    }
  ],
  "results": {
    "acceptance/features/agent_catalogue.feature": [
      {
        "type": "Hex High Entropy String",
        "filename": "acceptance/features/agent_catalogue.feature",
        "hashed_secret": "5fe4457939b771cbae7ff89fe71d0f2b7a6d198b",
        "is_verified": false,
        "line_number": 67,
        "is_secret": false
      }
    ],
    "acceptance/features/blog.feature": [
      {
        "type": "Hex High Entropy String",
        "filename": "acceptance/features/blog.feature",
        "hashed_secret": "d93271b54ddc4029b73ffcab9eba0eef0b7acde2",
        "is_verified": false,
        "line_number": 113,
        "is_secret": false
      }
    ],
    "acceptance/features/contacts.feature": [
      {
        "type": "Hex High Entropy String",
        "filename": "acceptance/features/contacts.feature",
        "hashed_secret": "d93271b54ddc4029b73ffcab9eba0eef0b7acde2",
        "is_verified": false,
        "line_number": 176,
        "is_secret": false
      }
    ],
    "acceptance/features/projects.feature": [
      {
        "type": "Hex High Entropy String",
        "filename": "acceptance/features/projects.feature",
        "hashed_secret": "ed059335a1864fb01039126e6bf153afd9dc60d1",
        "is_verified": false,
        "line_number": 107,
        "is_secret": false
      }
    ],
    "docs/specs/SPEC-001.md": [
      {
        "type": "Secret Keyword",
        "filename": "docs/specs/SPEC-001.md",
        "hashed_secret": "3df63b7acb0522da685dad5fe84b81fdd7b25264",
        "is_verified": false,
        "line_number": 343,
        "is_secret": false
      }
    ]
  },
  "generated_at": "2026-08-13T18:54:04Z"
}
